{
    "SAGE_GERMLINE with tumor and normal": {
        "content": [
            {
                "0": [
                    [
                        {
                            "id": "test",
                            "tumor_id": "subject_a.tumor",
                            "normal_id": "subject_a.normal"
                        },
                        "subject_a.tumor.sage.germline.vcf.gz:md5,a2574b25d90c66aa5090bc0cf1f92654",
                        "subject_a.tumor.sage.germline.vcf.gz.tbi:md5,d9ae15345e1917fe14c3346b9ed16f03"
                    ]
                ],
                "1": [
                    [
                        {
                            "id": "test",
                            "tumor_id": "subject_a.tumor",
                            "normal_id": "subject_a.normal"
                        },
                        [
                            "subject_a.normal.sage.bqr.png:md5,66c638765e3111e922e441225e794403",
                            "subject_a.normal.sage.bqr.tsv:md5,8186f9392ac8da54d0dba66f86e2412e",
                            "subject_a.normal.sage.exon.medians.tsv:md5,6a7d5eb2d81b33b5e66d0a30c8d1511c",
                            "subject_a.normal.sage.gene.coverage.tsv:md5,06afd96f566ce5acce2f5b98ef2afd6d",
                            "subject_a.tumor.sage.bqr.png:md5,848fbb308739bafa3c6b87c096ee0984",
                            "subject_a.tumor.sage.bqr.tsv:md5,04cf253bb31cfbd4c2139aa31a2cc182",
                            "subject_a.tumor.sage.germline.vcf.gz:md5,a2574b25d90c66aa5090bc0cf1f92654",
                            "subject_a.tumor.sage.germline.vcf.gz.tbi:md5,d9ae15345e1917fe14c3346b9ed16f03"
                        ]
                    ]
                ],
                "2": [
                    "versions.yml:md5,b7a729d355f2eb610a74642950e48fcb"
                ],
                "sage_dir": [
                    [
                        {
                            "id": "test",
                            "tumor_id": "subject_a.tumor",
                            "normal_id": "subject_a.normal"
                        },
                        [
                            "subject_a.normal.sage.bqr.png:md5,66c638765e3111e922e441225e794403",
                            "subject_a.normal.sage.bqr.tsv:md5,8186f9392ac8da54d0dba66f86e2412e",
                            "subject_a.normal.sage.exon.medians.tsv:md5,6a7d5eb2d81b33b5e66d0a30c8d1511c",
                            "subject_a.normal.sage.gene.coverage.tsv:md5,06afd96f566ce5acce2f5b98ef2afd6d",
                            "subject_a.tumor.sage.bqr.png:md5,848fbb308739bafa3c6b87c096ee0984",
                            "subject_a.tumor.sage.bqr.tsv:md5,04cf253bb31cfbd4c2139aa31a2cc182",
                            "subject_a.tumor.sage.germline.vcf.gz:md5,a2574b25d90c66aa5090bc0cf1f92654",
                            "subject_a.tumor.sage.germline.vcf.gz.tbi:md5,d9ae15345e1917fe14c3346b9ed16f03"
                        ]
                    ]
                ],
                "vcf": [
                    [
                        {
                            "id": "test",
                            "tumor_id": "subject_a.tumor",
                            "normal_id": "subject_a.normal"
                        },
                        "subject_a.tumor.sage.germline.vcf.gz:md5,a2574b25d90c66aa5090bc0cf1f92654",
                        "subject_a.tumor.sage.germline.vcf.gz.tbi:md5,d9ae15345e1917fe14c3346b9ed16f03"
                    ]
                ],
                "versions": [
                    "versions.yml:md5,b7a729d355f2eb610a74642950e48fcb"
                ]
            }
        ],
        "meta": {
            "nf-test": "0.9.2",
            "nextflow": "24.10.4"
        },
        "timestamp": "2025-02-17T05:58:22.888038352"
    }
}