{
    "LINX_SOMATIC with default parameters": {
        "content": [
            {
                "0": [
                    [
                        {
                            "id": "test",
                            "sample_id": "subject_a.tumor"
                        },
                        [
                            "linx.version:md5,a5fc97b5c4e6092096f0a1fdffd20159",
                            "subject_a.tumor.linx.breakend.tsv:md5,78e4cce3e07d1b0016d0a71b49db0e57",
                            "subject_a.tumor.linx.clusters.tsv:md5,49209060d580237991391282dbbea3af",
                            "subject_a.tumor.linx.driver.catalog.tsv:md5,1b18c47117b810430c3197f84c1db659",
                            "subject_a.tumor.linx.drivers.tsv:md5,8fb6e60a850979da67e3d3801c4a56d7",
                            "subject_a.tumor.linx.fusion.tsv:md5,cfaab2c97b2bddc258d2a5e866c55c97",
                            "subject_a.tumor.linx.links.tsv:md5,b1d1360fa6598420a8d9751ba2a4d4dc",
                            "subject_a.tumor.linx.neoepitope.tsv:md5,3c76a4e3521ccd5ac627857c2c5d17de",
                            "subject_a.tumor.linx.svs.tsv:md5,d6f1abd6f8678858e28eafe43fad4964",
                            "subject_a.tumor.linx.vis_copy_number.tsv:md5,b0fa7435c4509396f474cf2152f9430d",
                            "subject_a.tumor.linx.vis_fusion.tsv:md5,7c3c61abb9279e277ba996bfaa98e102",
                            "subject_a.tumor.linx.vis_gene_exon.tsv:md5,2c1f2c84b93bf269ab4ddc4db385d752",
                            "subject_a.tumor.linx.vis_protein_domain.tsv:md5,1b1e08e5c9ee20583213be3728f0e1c6",
                            "subject_a.tumor.linx.vis_segments.tsv:md5,882f55efbc913f020ae0a7bf350a2a10",
                            "subject_a.tumor.linx.vis_sv_data.tsv:md5,a7319e3b9ea3df2da2a5acb121f2d9f2"
                        ]
                    ]
                ],
                "1": [
                    "versions.yml:md5,5a0407da5642fd3fac02c26d740c0369"
                ],
                "annotation_dir": [
                    [
                        {
                            "id": "test",
                            "sample_id": "subject_a.tumor"
                        },
                        [
                            "linx.version:md5,a5fc97b5c4e6092096f0a1fdffd20159",
                            "subject_a.tumor.linx.breakend.tsv:md5,78e4cce3e07d1b0016d0a71b49db0e57",
                            "subject_a.tumor.linx.clusters.tsv:md5,49209060d580237991391282dbbea3af",
                            "subject_a.tumor.linx.driver.catalog.tsv:md5,1b18c47117b810430c3197f84c1db659",
                            "subject_a.tumor.linx.drivers.tsv:md5,8fb6e60a850979da67e3d3801c4a56d7",
                            "subject_a.tumor.linx.fusion.tsv:md5,cfaab2c97b2bddc258d2a5e866c55c97",
                            "subject_a.tumor.linx.links.tsv:md5,b1d1360fa6598420a8d9751ba2a4d4dc",
                            "subject_a.tumor.linx.neoepitope.tsv:md5,3c76a4e3521ccd5ac627857c2c5d17de",
                            "subject_a.tumor.linx.svs.tsv:md5,d6f1abd6f8678858e28eafe43fad4964",
                            "subject_a.tumor.linx.vis_copy_number.tsv:md5,b0fa7435c4509396f474cf2152f9430d",
                            "subject_a.tumor.linx.vis_fusion.tsv:md5,7c3c61abb9279e277ba996bfaa98e102",
                            "subject_a.tumor.linx.vis_gene_exon.tsv:md5,2c1f2c84b93bf269ab4ddc4db385d752",
                            "subject_a.tumor.linx.vis_protein_domain.tsv:md5,1b1e08e5c9ee20583213be3728f0e1c6",
                            "subject_a.tumor.linx.vis_segments.tsv:md5,882f55efbc913f020ae0a7bf350a2a10",
                            "subject_a.tumor.linx.vis_sv_data.tsv:md5,a7319e3b9ea3df2da2a5acb121f2d9f2"
                        ]
                    ]
                ],
                "versions": [
                    "versions.yml:md5,5a0407da5642fd3fac02c26d740c0369"
                ]
            }
        ],
        "meta": {
            "nf-test": "0.9.2",
            "nextflow": "24.10.4"
        },
        "timestamp": "2025-02-20T04:34:26.802584133"
    }
}